<?xml version="1.0" encoding="utf-8" standalone="yes"?>
<rss version="2.0" xmlns:atom="http://www.w3.org/2005/Atom">
  <channel>
    <title>Storage on Knowledge Hub</title>
    <link>http://localhost:1313/docs/linux/concepts/storage/</link>
    <description>Recent content in Storage on Knowledge Hub</description>
    <generator>Hugo</generator>
    <language>en</language>
    <atom:link href="http://localhost:1313/docs/linux/concepts/storage/index.xml" rel="self" type="application/rss+xml" />
    <item>
      <title>Storage</title>
      <link>http://localhost:1313/docs/linux/concepts/storage/storage/</link>
      <pubDate>Mon, 01 Jan 0001 00:00:00 +0000</pubDate>
      <guid>http://localhost:1313/docs/linux/concepts/storage/storage/</guid>
      <description># from baremetal sriram@sriram-Inspiron-5567:~$ sudo fdisk -l /dev/sda Disk /dev/sda: 111,8 GiB, 120034123776 bytes, 234441648 sectors Units: sectors of 1 * 512 = 512 bytes Sector size (logical/physical): 512 bytes / 512 bytes I/O size (minimum/optimal): 512 bytes / 512 bytes Disklabel type: gpt Disk identifier: 833807FE-A7E1-46DA-B629-ECC1B32A087E Device Start End Sectors Size Type /dev/sda1 2048 1050623 1048576 512M EFI System /dev/sda2 1050624 217874431 216823808 103,4G Linux filesystem /dev/sda3 217874432 234440703 16566272 7,9G Linux swap # From Virtual Machine [root@CentosServer1910 ~]# fdisk -l Disk /dev/sda: 10 GiB, 10737418240 bytes, 20971520 sectors Units: sectors of 1 * 512 = 512 bytes Sector size (logical/physical): 512 bytes / 512 bytes I/O size (minimum/optimal): 512 bytes / 512 bytes Disklabel type: dos Disk identifier: 0xec47036c Device Boot Start End Sectors Size Id Type /dev/sda1 * 2048 2099199 2097152 1G 83 Linux /dev/sda2 2099200 20971519 18872320 9G 8e Linux LVM Disk /dev/mapper/cl_centosserver1910-root: 8 GiB, 8585740288 bytes, 16769024 sectors Units: sectors of 1 * 512 = 512 bytes Sector size (logical/physical): 512 bytes / 512 bytes I/O size (minimum/optimal): 512 bytes / 512 bytes Disk /dev/mapper/cl_centosserver1910-swap: 1 GiB, 1073741824 bytes, 2097152 sectors Units: sectors of 1 * 512 = 512 bytes Sector size (logical/physical): 512 bytes / 512 bytes I/O size (minimum/optimal): 512 bytes / 512 bytes UUID - Get the uuid of devices on linux UUID is the universally unique identifier that is assigned to devices on a linux system for the purpose of identification.</description>
    </item>
  </channel>
</rss>
